[kamleshyadav.com/html/catering/catering-default/index.html]
[backblue.gif]
[fade.gif]
[index.html]
[kamleshyadav.com/html/catering/catering-default/css/main.css]
[kamleshyadav.com/html/catering/catering-default/favicon.ico]
[kamleshyadav.com/html/catering/catering-default/images/loader.gif]
[kamleshyadav.com/html/catering/catering-default/index-2.html]
[kamleshyadav.com/html/catering/catering-default/images/hand.png]
[kamleshyadav.com/html/catering/catering-default/index-1.html]
[kamleshyadav.com/html/catering/catering-default/index-3.html]
[kamleshyadav.com/html/catering/catering-default/index-4.html]
[kamleshyadav.com/html/catering/catering-default/index-5.html]
[kamleshyadav.com/html/catering/catering-default/index-6.html]
[kamleshyadav.com/html/catering/catering-default/about-us.html]
[kamleshyadav.com/html/catering/catering-default/menu.html]
[kamleshyadav.com/html/catering/catering-default/service.html]
[kamleshyadav.com/html/catering/catering-default/contact.html]
[kamleshyadav.com/html/catering/catering-default/images/chef.png]
[kamleshyadav.com/html/catering/catering-default/images/dishes/dish1.jpg]
[kamleshyadav.com/html/catering/catering-default/images/dishes/dish2.jpg]
[kamleshyadav.com/html/catering/catering-default/images/dishes/dish3.jpg]
[kamleshyadav.com/html/catering/catering-default/images/dishes/dish4.jpg]
[kamleshyadav.com/html/catering/catering-default/images/dishes/dish5.jpg]
[kamleshyadav.com/html/catering/catering-default/images/dishes/dish6.jpg]
[kamleshyadav.com/html/catering/catering-default/images/dishes/dish7.jpg]
[kamleshyadav.com/html/catering/catering-default/images/dishes/dish8.jpg]
[kamleshyadav.com/html/catering/catering-default/images/testimonial/testiimg1.png]
[kamleshyadav.com/html/catering/catering-default/images/testimonial/testiimg2.png]
[kamleshyadav.com/html/catering/catering-default/images/testimonial/testiimg3.png]
[kamleshyadav.com/html/catering/catering-default/images/testimonial/video.jpg]
[kamleshyadav.com/html/catering/catering-default/images/testimonial/play.png]
[kamleshyadav.com/html/catering/catering-default/images/news/blog1.jpg]
[kamleshyadav.com/html/catering/catering-default/images/news/blog-big1.jpg]
[kamleshyadav.com/html/catering/catering-default/blog.html]
[kamleshyadav.com/html/catering/catering-default/images/news/blog2.jpg]
[kamleshyadav.com/html/catering/catering-default/images/news/blog-big2.jpg]
[kamleshyadav.com/html/catering/catering-default/images/news/blog-big3.jpg]
[kamleshyadav.com/html/catering/catering-default/images/news/blog-big4.jpg]
[kamleshyadav.com/html/catering/catering-default/images/news/blog-big5.jpg]
[kamleshyadav.com/html/catering/catering-default/images/news/blog-big6.jpg]
[kamleshyadav.com/html/catering/catering-default/images/footer/footer_post1.jpg]
[kamleshyadav.com/html/catering/catering-default/images/footer/footer_post2.jpg]
[kamleshyadav.com/html/catering/catering-default/images/footer/insta1.jpg]
[kamleshyadav.com/html/catering/catering-default/images/footer/insta-big.jpg]
[kamleshyadav.com/html/catering/catering-default/images/footer/insta2.jpg]
[kamleshyadav.com/html/catering/catering-default/images/footer/insta3.jpg]
[kamleshyadav.com/html/catering/catering-default/images/footer/insta4.jpg]
[kamleshyadav.com/html/catering/catering-default/images/footer/insta5.jpg]
[kamleshyadav.com/html/catering/catering-default/images/footer/insta6.jpg]
[kamleshyadav.com/html/catering/catering-default/images/footer/insta7.jpg]
[kamleshyadav.com/html/catering/catering-default/images/footer/insta8.jpg]
[kamleshyadav.com/html/catering/catering-default/images/footer/insta9.jpg]
[kamleshyadav.com/html/catering/catering-default/js/jquery.stellar.js]
[kamleshyadav.com/html/catering/catering-default/js/bootstrap.js]
[kamleshyadav.com/html/catering/catering-default/js/jquery.countTo.js]
[kamleshyadav.com/html/catering/catering-default/js/jquery.js]
[kamleshyadav.com/html/catering/catering-default/js/appear.js]
[kamleshyadav.com/html/catering/catering-default/js/wow.js]
[kamleshyadav.com/html/catering/catering-default/js/plugins/owl/owl.carousel.min.js]
[kamleshyadav.com/html/catering/catering-default/js/plugins/gallery/jquery.magnific-popup.js]
[kamleshyadav.com/html/catering/catering-default/js/switcher.js]
[kamleshyadav.com/html/catering/catering-default/index.html]
[kamleshyadav.com/html/catering/catering-default/js/custom.js]
[kamleshyadav.com/html/catering/catering-default/css/bootstrap.css]
[kamleshyadav.com/html/catering/catering-default/css/font-awesome.css]
[kamleshyadav.com/html/catering/catering-default/css/animate.css]
[kamleshyadav.com/html/catering/catering-default/css/simple-line-icons.css]
[kamleshyadav.com/html/catering/catering-default/css/flaticon.css]
[kamleshyadav.com/html/catering/catering-default/css/fonts.css]
[kamleshyadav.com/html/catering/catering-default/css/custom_animation.css]
[kamleshyadav.com/html/catering/catering-default/css/switcher.css]
[kamleshyadav.com/html/catering/catering-default/css/style.css]
[kamleshyadav.com/html/catering/catering-default/css/responsive.css]
[kamleshyadav.com/html/catering/catering-default/js/plugins/owl/owl.carousel.css]
[kamleshyadav.com/html/catering/catering-default/js/plugins/owl/owl.theme.css]
[kamleshyadav.com/html/catering/catering-default/js/plugins/gallery/magnific-popup.css]
[kamleshyadav.com/html/catering/catering-default/js/plugins/selectpicker/bootstrap-select.css]
[kamleshyadav.com/html/catering/catering-default/js/plugins/datepicker/bootstrap-datepicker.css]
[kamleshyadav.com/html/catering/catering-default/js/plugins/revolution/css/layers.css]
[kamleshyadav.com/html/catering/catering-default/js/plugins/revolution/css/navigation.css]
[kamleshyadav.com/html/catering/catering-default/css/main.css]
[kamleshyadav.com/html/catering/catering-default/index-2.html]
[kamleshyadav.com/html/catering/catering-default/js/plugins/revolution/css/settings.css]
[kamleshyadav.com/html/catering/catering-default/js/plugins/selectpicker/bootstrap-select.min.js]
[kamleshyadav.com/html/catering/catering-default/index-1.html]
[kamleshyadav.com/html/catering/catering-default/js/plugins/datepicker/bootstrap-datepicker.min.js]
[kamleshyadav.com/html/catering/catering-default/images/slider/banner1.jpg]
[kamleshyadav.com/html/catering/catering-default/images/slider/slider-chef.png]
[kamleshyadav.com/html/catering/catering-default/images/slider/banner2.jpg]
[kamleshyadav.com/html/catering/catering-default/js/plugins/revolution/js/jquery.themepunch.tools.min.js]
[kamleshyadav.com/html/catering/catering-default/js/plugins/revolution/js/jquery.themepunch.revolution.min.js]
[kamleshyadav.com/html/catering/catering-default/js/plugins/revolution/js/extensions/revolution.extension.layeranimation.min.js]
[kamleshyadav.com/html/catering/catering-default/js/plugins/revolution/js/extensions/revolution.extension.actions.min.js]
[kamleshyadav.com/html/catering/catering-default/js/plugins/revolution/js/extensions/revolution.extension.carousel.min.js]
[kamleshyadav.com/html/catering/catering-default/js/plugins/revolution/js/extensions/revolution.extension.kenburn.min.js]
[kamleshyadav.com/html/catering/catering-default/js/plugins/revolution/js/extensions/revolution.extension.migration.min.js]
[kamleshyadav.com/html/catering/catering-default/js/plugins/revolution/js/extensions/revolution.extension.parallax.min.js]
[kamleshyadav.com/html/catering/catering-default/js/plugins/revolution/js/extensions/revolution.extension.navigation.min.js]
[kamleshyadav.com/html/catering/catering-default/js/plugins/revolution/js/extensions/revolution.extension.video.min.js]
[kamleshyadav.com/html/catering/catering-default/index-3.html]
[kamleshyadav.com/html/catering/catering-default/js/plugins/revolution/js/extensions/revolution.extension.slideanims.min.js]
[kamleshyadav.com/html/catering/catering-default/images/menu_bg.jpg]
[kamleshyadav.com/html/catering/catering-default/index-4.html]
[kamleshyadav.com/html/catering/catering-default/index-5.html]
[kamleshyadav.com/html/catering/catering-default/images/icons/mobile.png]
[kamleshyadav.com/html/catering/catering-default/images/chef2.png]
[kamleshyadav.com/html/catering/catering-default/index-6.html]
[kamleshyadav.com/html/catering/catering-default/images/hand1.png]
[kamleshyadav.com/html/catering/catering-default/images/about/about.jpg]
[kamleshyadav.com/html/catering/catering-default/images/about/staff1.jpg]
[kamleshyadav.com/html/catering/catering-default/images/about/big_cook1.jpg]
[kamleshyadav.com/html/catering/catering-default/images/about/staff2.jpg]
[kamleshyadav.com/html/catering/catering-default/images/about/staff3.jpg]
[kamleshyadav.com/html/catering/catering-default/images/about/staff4.jpg]
[kamleshyadav.com/html/catering/catering-default/images/about/quote.png]
[kamleshyadav.com/html/catering/catering-default/images/about/advantage.jpg]
[kamleshyadav.com/html/catering/catering-default/about-us.html]
[kamleshyadav.com/html/catering/catering-default/images/dishes/menu1.jpg]
[kamleshyadav.com/html/catering/catering-default/images/dishes/menu2.jpg]
[kamleshyadav.com/html/catering/catering-default/images/dishes/menu3.jpg]
[kamleshyadav.com/html/catering/catering-default/images/dishes/menu4.jpg]
[kamleshyadav.com/html/catering/catering-default/images/dishes/menu5.jpg]
[kamleshyadav.com/html/catering/catering-default/images/dishes/menu6.jpg]
[kamleshyadav.com/html/catering/catering-default/images/dishes/menu7.jpg]
[kamleshyadav.com/html/catering/catering-default/images/dishes/menu8.jpg]
[kamleshyadav.com/html/catering/catering-default/menu.html]
[kamleshyadav.com/html/catering/catering-default/images/services/service1.jpg]
[kamleshyadav.com/html/catering/catering-default/images/services/service2.jpg]
[kamleshyadav.com/html/catering/catering-default/images/services/service3.jpg]
[kamleshyadav.com/html/catering/catering-default/images/services/cat-service.jpg]
[kamleshyadav.com/html/catering/catering-default/images/services/spcl_event1.jpg]
[kamleshyadav.com/html/catering/catering-default/images/services/spcl_event2.jpg]
[kamleshyadav.com/html/catering/catering-default/images/services/spcl_event3.jpg]
[kamleshyadav.com/html/catering/catering-default/images/services/spcl_event4.jpg]
[kamleshyadav.com/html/catering/catering-default/service.html]
[kamleshyadav.com/html/catering/catering-default/contact.html]
[kamleshyadav.com/html/catering/catering-default/images/blog/blog1.jpg]
[kamleshyadav.com/html/catering/catering-default/images/blog/author1.png]
[kamleshyadav.com/html/catering/catering-default/images/blog/author2.png]
[kamleshyadav.com/html/catering/catering-default/images/sidebar/rpost1.jpg]
[kamleshyadav.com/html/catering/catering-default/images/sidebar/rpost2.jpg]
[kamleshyadav.com/html/catering/catering-default/images/sidebar/rpost3.jpg]
[kamleshyadav.com/html/catering/catering-default/blog.html]
[kamleshyadav.com/html/catering/catering-default/fonts/glyphicons-halflings-regular.eot]
[kamleshyadav.com/html/catering/catering-default/fonts/glyphicons-halflings-regulard41d.eot]
[kamleshyadav.com/html/catering/catering-default/fonts/glyphicons-halflings-regular.woff]
[kamleshyadav.com/html/catering/catering-default/fonts/glyphicons-halflings-regular.woff2]
[kamleshyadav.com/html/catering/catering-default/fonts/glyphicons-halflings-regular.ttf]
[kamleshyadav.com/html/catering/catering-default/css/bootstrap.css]
[kamleshyadav.com/html/catering/catering-default/fonts/fontawesome-webfont3295.eot]
[kamleshyadav.com/html/catering/catering-default/fonts/fontawesome-webfontd41d.eot]
[kamleshyadav.com/html/catering/catering-default/fonts/fontawesome-webfont3295.woff]
[kamleshyadav.com/html/catering/catering-default/fonts/fontawesome-webfont3295.ttf]
[kamleshyadav.com/html/catering/catering-default/css/font-awesome.css]
[kamleshyadav.com/html/catering/catering-default/css/animate.css]
[kamleshyadav.com/html/catering/catering-default/fonts/fontawesome-webfont3295.woff2]
[kamleshyadav.com/html/catering/catering-default/fonts/Simple-Line-Icons6c54.eot]
[kamleshyadav.com/html/catering/catering-default/fonts/Simple-Line-Iconsd41d.eot]
[kamleshyadav.com/html/catering/catering-default/fonts/Simple-Line-Icons6c54.ttf]
[kamleshyadav.com/html/catering/catering-default/fonts/Simple-Line-Icons6c54.woff]
[kamleshyadav.com/html/catering/catering-default/fonts/Simple-Line-Icons6c54.woff2]
[kamleshyadav.com/html/catering/catering-default/css/simple-line-icons.css]
[kamleshyadav.com/html/catering/catering-default/fonts/Flaticon.eot]
[kamleshyadav.com/html/catering/catering-default/fonts/Flaticon.woff]
[kamleshyadav.com/html/catering/catering-default/fonts/Flaticond41d.eot]
[kamleshyadav.com/html/catering/catering-default/fonts/Flaticon.ttf]
[kamleshyadav.com/html/catering/catering-default/css/flaticon.css]
[kamleshyadav.com/html/catering/catering-default/fonts/AbrilFatface-Regular.woff2]
[kamleshyadav.com/html/catering/catering-default/fonts/AbrilFatface-Regular.woff]
[kamleshyadav.com/html/catering/catering-default/fonts/Niconne-Regular.woff]
[kamleshyadav.com/html/catering/catering-default/fonts/Niconne-Regular.woff2]
[kamleshyadav.com/html/catering/catering-default/fonts/Montserrat-Regular.woff]
[kamleshyadav.com/html/catering/catering-default/fonts/Montserrat-Regular.woff2]
[kamleshyadav.com/html/catering/catering-default/fonts/Montserrat-Bold.woff]
[kamleshyadav.com/html/catering/catering-default/css/fonts.css]
[kamleshyadav.com/html/catering/catering-default/css/custom_animation.css]
[kamleshyadav.com/html/catering/catering-default/fonts/Montserrat-Bold.woff2]
[kamleshyadav.com/html/catering/catering-default/images/patterns/pattern-1.jpg]
[kamleshyadav.com/html/catering/catering-default/images/patterns/pattern-2.jpg]
[kamleshyadav.com/html/catering/catering-default/images/patterns/pattern-3.jpg]
[kamleshyadav.com/html/catering/catering-default/images/patterns/pattern-4.jpg]
[kamleshyadav.com/html/catering/catering-default/images/patterns/pattern-5.jpg]
[kamleshyadav.com/html/catering/catering-default/images/patterns/pattern-6.jpg]
[kamleshyadav.com/html/catering/catering-default/images/patterns/pattern-7.jpg]
[kamleshyadav.com/html/catering/catering-default/images/patterns/pattern-8.jpg]
[kamleshyadav.com/html/catering/catering-default/css/switcher.css]
[kamleshyadav.com/html/catering/catering-default/images/services/chart.jpg]
[kamleshyadav.com/html/catering/catering-default/images/dishes/dish_bg.jpg]
[kamleshyadav.com/html/catering/catering-default/images/news/news_bg.jpg]
[kamleshyadav.com/html/catering/catering-default/images/subs_bg.jpg]
[kamleshyadav.com/html/catering/catering-default/images/book_bg.jpg]
[kamleshyadav.com/html/catering/catering-default/images/shadow.png]
[kamleshyadav.com/html/catering/catering-default/images/slider/wrapper2.jpg]
[kamleshyadav.com/html/catering/catering-default/images/slider/wrapper3.jpg]
[kamleshyadav.com/html/catering/catering-default/images/slider/wrapper4.jpg]
[kamleshyadav.com/html/catering/catering-default/images/slider/wrapper5.jpg]
[kamleshyadav.com/html/catering/catering-default/images/about/best_about.jpg]
[kamleshyadav.com/html/catering/catering-default/images/about/testi_about.jpg]
[kamleshyadav.com/html/catering/catering-default/css/style.css]
[kamleshyadav.com/html/catering/catering-default/css/responsive.css]
[kamleshyadav.com/html/catering/catering-default/js/plugins/owl/owl.video.play.b0.delayed]
[kamleshyadav.com/html/catering/catering-default/js/plugins/owl/owl.carousel.css]
[kamleshyadav.com/html/catering/catering-default/js/plugins/owl/owl.theme.css]
[kamleshyadav.com/html/catering/catering-default/js/plugins/gallery/magnific-popup.css]
[kamleshyadav.com/html/catering/catering-default/js/plugins/selectpicker/bootstrap-select.css]
[kamleshyadav.com/html/catering/catering-default/js/plugins/datepicker/bootstrap-datepicker.css]
[kamleshyadav.com/html/catering/catering-default/js/plugins/revolution/assets/pattern.png]
[kamleshyadav.com/html/catering/catering-default/js/plugins/revolution/css/layers.css]
[kamleshyadav.com/html/catering/catering-default/js/plugins/revolution/css/navigation.css]
[kamleshyadav.com/html/catering/catering-default/js/plugins/revolution/fonts/revicons/revicons90c6.eot]
[kamleshyadav.com/html/catering/catering-default/js/plugins/revolution/fonts/revicons/revicons90c6.woff]
[kamleshyadav.com/html/catering/catering-default/js/plugins/revolution/fonts/revicons/revicons90c6.ttf]
[kamleshyadav.com/html/catering/catering-default/js/plugins/revolution/css/openhand.cur]
[kamleshyadav.com/html/catering/catering-default/js/plugins/revolution/css/closedhand.b7.delayed]
[kamleshyadav.com/html/catering/catering-default/js/plugins/revolution/assets/gridtile.png]
[kamleshyadav.com/html/catering/catering-default/js/plugins/revolution/assets/gridtile_white.png]
[kamleshyadav.com/html/catering/catering-default/js/plugins/revolution/assets/gridtile_3x3.png]
[kamleshyadav.com/html/catering/catering-default/js/plugins/revolution/assets/gridtile_3x3_white.png]
[kamleshyadav.com/html/catering/catering-default/js/plugins/revolution/images/gradient/g30.png]
[kamleshyadav.com/html/catering/catering-default/js/plugins/revolution/images/gradient/g40.bd.delayed]
[kamleshyadav.com/html/catering/catering-default/js/plugins/revolution/assets/coloredbg.png]
[kamleshyadav.com/html/catering/catering-default/js/plugins/revolution/assets/loader.gif]
[kamleshyadav.com/html/catering/catering-default/js/plugins/revolution/css/settings.css]
[kamleshyadav.com/html/catering/catering-default/fonts/glyphicons-halflings-regular.svg]
[kamleshyadav.com/html/catering/catering-default/fonts/fontawesome-webfont3295.svg]
[kamleshyadav.com/html/catering/catering-default/fonts/Simple-Line-Icons6c54.svg]
[kamleshyadav.com/html/catering/catering-default/fonts/Flaticon.svg]
[kamleshyadav.com/html/catering/catering-default/js/plugins/owl/owl.video.play.html]
[kamleshyadav.com/html/catering/catering-default/js/plugins/revolution/fonts/revicons/revicons90c6.svg]
[kamleshyadav.com/html/catering/catering-default/js/plugins/revolution/css/openhand.html]
[kamleshyadav.com/html/catering/catering-default/js/plugins/revolution/css/closedhand.html]
[kamleshyadav.com/html/catering/catering-default/js/plugins/revolution/images/gradient/g30.html]
[kamleshyadav.com/html/catering/catering-default/js/plugins/revolution/images/gradient/g40.html]
